=== ZAYA1-8B Q8_0 Thread × Batch Sweep ===
Started: Sat May 23 09:53:16 UTC 2026
B    nw   tok/s
--   ---  -----
Building B=1...
1    1    5.1622421860181715
1    4    16.15822815083945
1    8    26.393257808792526
1    12   28.39223402381115
1    16   30.128736875734578
1    24   30.811887119219996
1    32   29.161686227648172
Building B=2...
2    1    6.863704025144912
2    4    21.18035976225346
2    8    34.63912647517353
2    12   38.44274135219131
2    16   40.809632603223335
2    24   41.64431621831757
2    32   40.75164296648279
Building B=4...
4    1    8.132317422330775
4    4    25.187579968758094
4    8    41.26338788016475
4    12   48.618285118813155
4    16   52.7236188396759
4    24   55.581469662169084
4    32   54.64743879670064

=== Done: Sat May 23 09:59:38 UTC 2026 ===
Log: bench_zaya_20260523_095316.log
